HI-TECH Software C Compiler 

Linker command line:

\
  --edf=C:\Program Files (x86)\HI-TECH Software\PICC-18\PRO\9.66\dat\en_msgs.txt \
  -cs -h+mouse.sym -z -Q18F4525 -ol.obj -Mmouse.map -E1 -ACODE=00h-0BFFFh \
  -ACONST=00h-0BFFFh -ASMALLCONST=0F00h-0FFFhx177 \
  -AMEDIUMCONST=0F00h-0BFFFh -ARAM=00h-0FFhx15 -ABIGRAM=00h-0EFFh \
  -ACOMRAM=00h-07Fh -AABS1=00h-0EFFh -ABANK0=00h-0FFh -ABANK1=0100h-01FFh \
  -ABANK2=0200h-02FFh -ABANK3=0300h-03FFh -ABANK4=0400h-04FFh \
  -ABANK5=0500h-05FFh -ABANK6=0600h-06FFh -ABANK7=0700h-07FFh \
  -ABANK8=0800h-08FFh -ABANK9=0900h-09FFh -ABANK10=0A00h-0AFFh \
  -ABANK11=0B00h-0BFFh -ABANK12=0C00h-0CFFh -ABANK13=0D00h-0DFFh \
  -ABANK14=0E00h-0EFFh -ANVRAM=0E00h-0EFFh \
  -preset_vec=00h,intcode=08h,intcodelo,powerup,init,end_init \
  -pramtop=0F00h -psmallconst=SMALLCONST -pmediumconst=MEDIUMCONST \
  -pconst=CONST -pparam9=BANK9 -AFARRAM=00h-00h -ACONFIG=0300000h-030000Dh \
  -pconfig=CONFIG -AIDLOC=0200000h-0200007h -pidloc=IDLOC \
  -AEEDATA=0F00000h-0F003FFh -peeprom_data=EEDATA \
  -prdata=COMRAM,nvrram=COMRAM,nvbit=COMRAM,rbss=COMRAM,rbit=COMRAM \
  -pfarbss=FARRAM,fardata=FARRAM \
  -pintsave_regs=BIGRAM,bigbss=BIGRAM,bigdata=BIGRAM -pbss=RAM \
  -pidata=CODE,irdata=CODE,ibigdata=CODE,ifardata=CODE \
  C:\Users\tab\AppData\Local\Temp\s410.obj mouse.obj 

Object code version is 3.10

Machine type is 18F4525

Call graph: (short form)

*_main size 0,12 offset 0
     _LED size 2,0 offset 48
     _DelayMs size 1,3 offset 53
     _MazeSetup size 0,14 offset 12
         _RestoreMaze size 0,19 offset 26
             _eeprom_read size 2,0 offset 45
         _ClearMaze size 4,16 offset 26
             _eeprom_write size 3,0 offset 64
     _ClearMaze size 4,16 offset 26
     _ConfigureInterrupts size 0,0 offset 42
     _DisableInterrupts size 0,0 offset 42
*    _SolveMaze size 0,30 offset 12
         _TurnToDirection size 2,6 offset 42
             _TurnRight size 0,1 offset 50
                 _DelayMs size 1,3 offset 53
             _TurnAround size 0,1 offset 50
                 _DelayMs size 1,3 offset 53
             _TurnLeft size 0,1 offset 50
                 _DelayMs size 1,3 offset 53
         ___wmul size 4,2 offset 58
         _CheckOrientation size 0,0 offset 42
             _SteerLeft size 0,1 offset 52
                 _DelayMs size 1,3 offset 53
             _LED size 2,0 offset 48
             _SteerRight size 0,1 offset 52
                 _DelayMs size 1,3 offset 53
         _CheckWalls size 0,16 offset 42
             ___awmod size 4,3 offset 82
             ___wmul size 4,2 offset 58
*        _CheckAdjacentCells size 4,36 offset 42
*            ___awmod size 4,3 offset 82
         _DisableInterrupts size 0,0 offset 42
         _ConfigureInterrupts size 0,0 offset 42
         _MOVE size 0,4 offset 48
             _DelayMs size 1,3 offset 53
             _SteerLeft size 0,1 offset 52
             _SteerRight size 0,1 offset 52
         _EndMaze size 0,6 offset 42
             _SaveMaze size 0,16 offset 48
                 _eeprom_write size 3,0 offset 64
             _LED size 2,0 offset 48
             _DelayMs size 1,3 offset 53
             _TurnAround size 0,1 offset 50
             _MOVE size 0,4 offset 48
             _TurnLeft size 0,1 offset 50
             _TurnRight size 0,1 offset 50

Estimated maximum call depth: 4

*intlevel2 size 0,0 offset 89
*    _SensorTriggered size 0,14 offset 89

Estimated maximum call depth: 1


                Name          Link     Load   Length Selector Space Scale
C:\Users\tab\AppData\Local\Temp\s410.obj
                end_init        38       38       24       4     0
                init            18       18       20       4     0
                config      300000   300000        E  300000     0
                reset_vec        0        0        4       0     0
mouse.obj       intcode          8        8       10       4     0
                idata           5C       5C       10       4     0
                text21        5FFA     5FFA       46       4     0
                text20        5E28     5E28       72       4     0
                text23        5F0C     5F0C       5C       4     0
                text22        6040     6040       46       4     0
                text17        6086     6086       30       4     0
                text16        5E9A     5E9A       72       4     0
                text19        5D2E     5D2E       86       4     0
                text18        60B6     60B6       16       4     0
                text25        5C5A     5C5A       D4       4     0
                text24        5FB2     5FB2       48       4     0
                text15        5DB4     5DB4       74       4     0
                text4         60E2     60E2       16       4     0
                text3         60CC     60CC       16       4     0
                text6           6C       6C     26F2       4     0
                text5         5F68     5F68       4A       4     0
                text0         3F36     3F36      54A       4     0
                text2         275E     275E      EA6       4     0
                text1         4480     4480      3F8       4     0
                text12        55D2     55D2      2B0       4     0
                text11        5316     5316      2BC       4     0
                text14        5B28     5B28      132       4     0
                text13        4878     4878      3E8       4     0
                text8         5040     5040      2D6       4     0
                text7         4C60     4C60      3E0       4     0
                text10        3604     3604      932       4     0
                text9         5882     5882      2A6       4     0

COMMON          param9         900      900       67     900     1

TOTAL           Name          Link     Load   Length  Space
        CLASS   CODE           
                end_init        38       38       24     0
                intcode          8        8       10     0
                init            18       18       20     0
                idata           5C       5C       10     0
                reset_vec        0        0        4     0
                text21        5FFA     5FFA       46     0
                text20        5E28     5E28       72     0
                text23        5F0C     5F0C       5C     0
                text22        6040     6040       46     0
                text17        6086     6086       30     0
                text16        5E9A     5E9A       72     0
                text19        5D2E     5D2E       86     0
                text18        60B6     60B6       16     0
                text25        5C5A     5C5A       D4     0
                text24        5FB2     5FB2       48     0
                text15        5DB4     5DB4       74     0
                text4         60E2     60E2       16     0
                text3         60CC     60CC       16     0
                text6           6C       6C     26F2     0
                text5         5F68     5F68       4A     0
                text0         3F36     3F36      54A     0
                text2         275E     275E      EA6     0
                text1         4480     4480      3F8     0
                text12        55D2     55D2      2B0     0
                text11        5316     5316      2BC     0
                text14        5B28     5B28      132     0
                text13        4878     4878      3E8     0
                text8         5040     5040      2D6     0
                text7         4C60     4C60      3E0     0
                text10        3604     3604      932     0
                text9         5882     5882      2A6     0

        CLASS   CONST          

        CLASS   SMALLCONST     

        CLASS   MEDIUMCONST    

        CLASS   RAM            

        CLASS   BIGRAM         

        CLASS   COMRAM         

        CLASS   ABS1           
                abs_s1           0        0      81D     1

        CLASS   BANK0          

        CLASS   BANK1          

        CLASS   BANK2          

        CLASS   BANK3          

        CLASS   BANK4          

        CLASS   BANK5          

        CLASS   BANK6          

        CLASS   BANK7          

        CLASS   BANK8          

        CLASS   BANK9          
                param9         900      900       67     1

        CLASS   BANK10         

        CLASS   BANK11         

        CLASS   BANK12         

        CLASS   BANK13         

        CLASS   BANK14         

        CLASS   NVRAM          

        CLASS   FARRAM         

        CLASS   CONFIG         
                config      300000   300000        E     0

        CLASS   IDLOC          

        CLASS   EEDATA         



SEGMENTS        Name           Load    Length   Top     Selector    Space Class

                reset_vec       000000  000004  000004         0       0  CODE    
                intcode         000008  0060F0  0060F8         4       0  CODE    
                param9          000900  000067  000967       900       1  BANK9   
                config          300000  00000E  30000E    300000       0  CONFIG  


UNUSED ADDRESS RANGES

        BANK10           000A00-000AFF
        BANK11           000B00-000BFF
        BANK12           000C00-000CFF
        BANK13           000D00-000DFF
        BANK14           000E00-000EFF
        BANK8            00081D-0008FF
        BANK9            000967-0009FF
        BIGRAM           00081D-0008FF
                         000967-000EFF
        CODE             000004-000007
                         0060F8-00BFFF
        CONST            000004-000007
                         0060F8-00BFFF
        EEDATA           F00000-F003FF
        IDLOC            200000-200007
        MEDIUMCONST      0060F8-00BFFF
        NVRAM            000E00-000EFF
        RAM              00081D-0008FF
                         000967-000EFF
        SMALLCONST       0060F8-00BFFF

                                  Symbol Table

??_CheckAdjacentCells              param9       00092E
??_CheckOrientation                param9       00092A
??_CheckWalls                      param9       00092A
??_ClearMaze                       param9       00091E
??_ConfigureInterrupts             param9       00092A
??_DelayMs                         param9       000936
??_DisableInterrupts               param9       00092A
??_EndMaze                         param9       00092A
??_LED                             param9       000932
??_MOVE                            param9       000930
??_MazeSetup                       param9       00090C
??_RestoreMaze                     param9       00091A
??_SaveMaze                        param9       000930
??_SensorTriggered                 param9       000959
??_SolveMaze                       param9       00090C
??_SteerLeft                       param9       000934
??_SteerRight                      param9       000934
??_TurnAround                      param9       000932
??_TurnLeft                        param9       000932
??_TurnRight                       param9       000932
??_TurnToDirection                 param9       00092C
??___awmod                         param9       000956
??___wmul                          param9       00093E
??_eeprom_read                     param9       00092F
??_eeprom_write                    param9       000943
??_main                            param9       000900
?_CheckAdjacentCells               param9       00092A
?_CheckOrientation                 param9       00092A
?_CheckWalls                       param9       00092A
?_ClearMaze                        param9       00091A
?_ConfigureInterrupts              param9       00092A
?_DelayMs                          param9       000935
?_DisableInterrupts                param9       00092A
?_EndMaze                          param9       00092A
?_LED                              param9       000930
?_MOVE                             param9       000930
?_MazeSetup                        param9       00090C
?_RestoreMaze                      param9       00091A
?_SaveMaze                         param9       000930
?_SensorTriggered                  param9       000959
?_SolveMaze                        param9       00090C
?_SteerLeft                        param9       000934
?_SteerRight                       param9       000934
?_TurnAround                       param9       000932
?_TurnLeft                         param9       000932
?_TurnRight                        param9       000932
?_TurnToDirection                  param9       00092A
?___awmod                          param9       000952
?___wmul                           param9       00093A
?_eeprom_read                      param9       00092D
?_eeprom_write                     param9       000940
?_main                             param9       000900
CheckAdjacentCells@adjacentSquares param9       00093C
CheckAdjacentCells@bottomSquare    param9       00092E
CheckAdjacentCells@holdVar         param9       000930
CheckAdjacentCells@i               param9       000948
CheckAdjacentCells@i_152           param9       000946
CheckAdjacentCells@j               param9       000944
CheckAdjacentCells@leftSquare      param9       000932
CheckAdjacentCells@lowestFound     param9       00093A
CheckAdjacentCells@lowestSquare    param9       000938
CheckAdjacentCells@rightSquare     param9       000934
CheckAdjacentCells@topSquare       param9       000936
CheckAdjacentCells@x               param9       00092C
CheckAdjacentCells@y               param9       00092A
ClearMaze@clearEeprom              param9       00091C
ClearMaze@clearRunTime             param9       00091A
ClearMaze@i                        param9       00091E
ClearMaze@i_158                    param9       000920
ClearMaze@i_160                    param9       000922
ClearMaze@j                        param9       000924
ClearMaze@j_161                    param9       000926
DelayMs@_dcnt                      param9       000937
DelayMs@cnt                        param9       000935
DelayMs@i                          param9       000936
EndMaze@bsVar                      param9       00092C
EndMaze@i                          param9       00092A
F2595                              (abs)        00080C
F2616                              (abs)        00080D
LED@led                            param9       000930
MOVE@j                             param9       000930
MazeSetup@i                        param9       00090C
MazeSetup@j                        param9       00090E
RestoreMaze@i                      param9       00091A
RestoreMaze@i_170                  param9       00091C
RestoreMaze@j                      param9       00091E
RestoreMaze@j_171                  param9       000920
SaveMaze@i                         param9       000930
SaveMaze@i_165                     param9       000932
SaveMaze@j                         param9       000934
SaveMaze@j_166                     param9       000936
SolveMaze@a                        param9       000912
SolveMaze@a_128                    param9       000914
SolveMaze@a_130                    param9       000916
SolveMaze@a_131                    param9       000918
SolveMaze@b                        param9       00091A
SolveMaze@b_132                    param9       00091C
SolveMaze@tempDir                  param9       00090C
SolveMaze@tempDir_134              param9       00090E
SolveMaze@tempVar_133              param9       000910
TurnToDirection@dir                param9       00092A
TurnToDirection@dirCount           param9       00092C
TurnToDirection@fixedDir           param9       00092E
_CARRY                             (abs)        007EC0
_CheckAdjacentCells                text10       003604
_CheckOrientation                  text5        005F68
_CheckWalls                        text6        00006C
_ClearMaze                         text11       005316
_ConfigureInterrupts               text4        0060E2
_DelayMs                           text24       005FB2
_DisableInterrupts                 text3        0060CC
_EEADR                             (abs)        000FA9
_EEADRH                            (abs)        000FAA
_EECON1                            (abs)        000FA6
_EECON1bits                        (abs)        000FA6
_EECON2                            (abs)        000FA7
_EEDATA                            (abs)        000FA8
_EEIF                              (abs)        007D0C
_EndMaze                           text9        005882
_GIE                               (abs)        007F97
_INT0IE                            (abs)        007F94
_INT0IF                            (abs)        007F91
_INT1F                             (abs)        007F80
_INT1IE                            (abs)        007F83
_INT1IF                            (abs)        007F80
_INT1IP                            (abs)        007F86
_INT2IE                            (abs)        007F84
_INT2IF                            (abs)        007F81
_INT2IP                            (abs)        007F87
_INTEDG0                           (abs)        007F8E
_INTEDG1                           (abs)        007F8D
_INTEDG2                           (abs)        007F8C
_IPEN                              (abs)        007E87
_LATD                              (abs)        000F8C
_LATD5                             (abs)        007C65
_LATD6                             (abs)        007C66
_LATD7                             (abs)        007C67
_LED                               text18       0060B6
_MOVE                              text13       004878
_MazeSetup                         text1        004480
_PORTB                             (abs)        000F81
_RB0                               (abs)        007C08
_RB1                               (abs)        007C09
_RB2                               (abs)        007C0A
_RB3                               (abs)        007C0B
_RB4                               (abs)        007C0C
_RB5                               (abs)        007C0D
_RBPU                              (abs)        007F8F
_RD4                               (abs)        007C1C
_RestoreMaze                       text8        005040
_SaveMaze                          text12       0055D2
_SensorTriggered                   text25       005C5A
_SolveMaze                         text2        00275E
_SteerLeft                         text21       005FFA
_SteerRight                        text22       006040
_TRISB                             (abs)        000F93
_TRISD                             (abs)        000F95
_TurnAround                        text19       005D2E
_TurnLeft                          text20       005E28
_TurnRight                         text16       005E9A
_TurnToDirection                   text7        004C60
_WREN                              (abs)        007D32
__HRAM                             (abs)        000000
__Habsbss0                         (abs)        00080D
__Hbigbss                          bigbss       000967
__Hbigdata                         bigdata      000967
__Hbss                             bss          000000
__Hclrtext                         clrtext      00006C
__Hconfig                          config       30000E
__Hconst                           const        00005C
__Hdata                            data         00006C
__Hdata0                           (abs)        00081D
__Heeprom_data                     eeprom_data  F00000
__Hend_init                        end_init     00005C
__Hfarbss                          farbss       000000
__Hfardata                         fardata      000000
__Hibigdata                        ibigdata     00006C
__Hidata                           idata        00006C
__Hidloc                           idloc        200000
__Hifardata                        ifardata     00006C
__Hinit                            init         000038
__Hintcode                         intcode      000018
__Hintcodelo                       intcodelo    000018
__Hintentry                        intentry     00006C
__Hintret                          intret       00006C
__Hintsave_regs                    intsave_regs 000967
__Hirdata                          irdata       00006C
__Hmediumconst                     mediumconst  000F00
__Hnvbit                           nvbit        000000
__Hnvram                           nvram        00006C
__Hnvrram                          nvrram       000000
__Hparam                           param9       000967
__Hparam0                          param0       00006C
__Hparam1                          param1       00006C
__Hparam10                         param10      00006C
__Hparam11                         param11      00006C
__Hparam12                         param12      00006C
__Hparam13                         param13      00006C
__Hparam14                         param14      00006C
__Hparam2                          param2       00006C
__Hparam3                          param3       00006C
__Hparam4                          param4       00006C
__Hparam5                          param5       00006C
__Hparam6                          param6       00006C
__Hparam7                          param7       00006C
__Hparam8                          param8       00006C
__Hparam9                          param9       000967
__Hpowerup                         powerup      000018
__Hramtop                          ramtop       000F00
__Hrbit                            rbit         000000
__Hrbss                            rbss         000000
__Hrdata                           rdata        000000
__Hreset_vec                       reset_vec    000004
__Hrparam                          rparam       00006C
__Hsmallconst                      smallconst   000F00
__Hstruct                          struct       000000
__Htemp                            temp         000000
__Htext                            text         00006C
__Htext0                           text0        00006C
__Htext1                           text1        00006C
__Htext10                          text10       00006C
__Htext11                          text11       00006C
__Htext12                          text12       00006C
__Htext13                          text13       00006C
__Htext14                          text14       00006C
__Htext15                          text15       00006C
__Htext16                          text16       00006C
__Htext17                          text17       00006C
__Htext18                          text18       00006C
__Htext19                          text19       00006C
__Htext2                           text2        00006C
__Htext20                          text20       00006C
__Htext21                          text21       00006C
__Htext22                          text22       00006C
__Htext23                          text23       00006C
__Htext24                          text24       00006C
__Htext25                          text25       00006C
__Htext26                          text26       00006C
__Htext3                           text3        00006C
__Htext4                           text4        00006C
__Htext5                           text5        00006C
__Htext6                           text6        00006C
__Htext7                           text7        00006C
__Htext8                           text8        00006C
__Htext9                           text9        00006C
__LRAM                             (abs)        000001
__Labsbss0                         (abs)        000000
__Lbigbss                          bigbss       000967
__Lbigdata                         bigdata      000967
__Lbss                             bss          000000
__Lclrtext                         clrtext      00006C
__Lconfig                          config       300000
__Lconst                           const        00005C
__Ldata                            (abs)        00080D
__Ldata0                           (abs)        00080D
__Leeprom_data                     eeprom_data  F00000
__Lend_init                        end_init     000038
__Lfarbss                          farbss       000000
__Lfardata                         fardata      000000
__Libigdata                        ibigdata     00006C
__Lidata                           idata        00005C
__Lidloc                           idloc        200000
__Lifardata                        ifardata     00006C
__Linit                            init         000018
__Lintcode                         intcode      000008
__Lintcodelo                       intcodelo    000018
__Lintentry                        intentry     00006C
__Lintret                          intret       00006C
__Lintsave_regs                    intsave_regs 000967
__Lirdata                          irdata       00006C
__Lmediumconst                     mediumconst  000F00
__Lnvbit                           nvbit        000000
__Lnvram                           nvram        00006C
__Lnvrram                          nvrram       000000
__Lparam                           param9       000900
__Lparam0                          param0       00006C
__Lparam1                          param1       00006C
__Lparam10                         param10      00006C
__Lparam11                         param11      00006C
__Lparam12                         param12      00006C
__Lparam13                         param13      00006C
__Lparam14                         param14      00006C
__Lparam2                          param2       00006C
__Lparam3                          param3       00006C
__Lparam4                          param4       00006C
__Lparam5                          param5       00006C
__Lparam6                          param6       00006C
__Lparam7                          param7       00006C
__Lparam8                          param8       00006C
__Lparam9                          param9       000900
__Lpowerup                         powerup      000018
__Lramtop                          ramtop       000F00
__Lrbit                            rbit         000000
__Lrbss                            rbss         000000
__Lrdata                           rdata        000000
__Lreset_vec                       reset_vec    000000
__Lrparam                          rparam       00006C
__Lsmallconst                      smallconst   000F00
__Lstruct                          struct       000000
__Ltemp                            temp         000000
__Ltext                            text         00006C
__Ltext0                           text0        00006C
__Ltext1                           text1        00006C
__Ltext10                          text10       00006C
__Ltext11                          text11       00006C
__Ltext12                          text12       00006C
__Ltext13                          text13       00006C
__Ltext14                          text14       00006C
__Ltext15                          text15       00006C
__Ltext16                          text16       00006C
__Ltext17                          text17       00006C
__Ltext18                          text18       00006C
__Ltext19                          text19       00006C
__Ltext2                           text2        00006C
__Ltext20                          text20       00006C
__Ltext21                          text21       00006C
__Ltext22                          text22       00006C
__Ltext23                          text23       00006C
__Ltext24                          text24       00006C
__Ltext25                          text25       00006C
__Ltext26                          text26       00006C
__Ltext3                           text3        00006C
__Ltext4                           text4        00006C
__Ltext5                           text5        00006C
__Ltext6                           text6        00006C
__Ltext7                           text7        00006C
__Ltext8                           text8        00006C
__Ltext9                           text9        00006C
__S0                               (abs)        F00000
__S1                               (abs)        000E00
___awmod                           text14       005B28
___awmod@counter                   param9       000957
___awmod@dividend                  param9       000952
___awmod@divisor                   param9       000954
___awmod@sign                      param9       000956
___wmul                            text15       005DB4
___wmul@multiplicand               param9       00093C
___wmul@multiplier                 param9       00093A
___wmul@product                    param9       00093E
__accesstop                        (abs)        000080
__activetblptr                     (abs)        000000
__config1                          (abs)        00FDFF
__config2                          (abs)        00FEF9
__config3                          (abs)        00FDFF
__config4                          (abs)        00FF7A
__config5                          (abs)        00FFFF
__config6                          (abs)        00FFFF
__config7                          (abs)        00FFFF
__end_of_CheckAdjacentCells        text10       003F36
__end_of_CheckOrientation          text5        005FB2
__end_of_CheckWalls                text6        00275E
__end_of_ClearMaze                 text11       0055D2
__end_of_ConfigureInterrupts       text4        0060F8
__end_of_DelayMs                   text24       005FFA
__end_of_DisableInterrupts         text3        0060E2
__end_of_EndMaze                   text9        005B28
__end_of_LED                       text18       0060CC
__end_of_MOVE                      text13       004C60
__end_of_MazeSetup                 text1        004878
__end_of_RestoreMaze               text8        005316
__end_of_SaveMaze                  text12       005882
__end_of_SensorTriggered           text25       005D2E
__end_of_SolveMaze                 text2        003604
__end_of_SteerLeft                 text21       006040
__end_of_SteerRight                text22       006086
__end_of_TurnAround                text19       005DB4
__end_of_TurnLeft                  text20       005E9A
__end_of_TurnRight                 text16       005F0C
__end_of_TurnToDirection           text7        005040
__end_of___awmod                   text14       005C5A
__end_of___wmul                    text15       005E28
__end_of_eeprom_read               text17       0060B6
__end_of_eeprom_write              text23       005F68
__end_of_main                      text0        004480
__mediumconst                      mediumconst  000F00
__ramtop                           ramtop       000F00
__smallconst                       smallconst   000F00
_backMove                          (abs)        000400
_backMoveCount                     (abs)        000815
_directionFlag                     (abs)        00080A
_eeprom_read                       text17       006086
_eeprom_write                      text23       005F0C
_exit                              init         000018
_intFlag                           (abs)        000804
_main                              text0        003F36
_mazeMap                           (abs)        000200
_mazeStart                         (abs)        000817
_mouseCellValue                    (abs)        000808
_mouseDirection                    (abs)        000806
_mouseX                            (abs)        000802
_mouseY                            (abs)        000800
_runTimeMode                       (abs)        000819
_switchPosition                    (abs)        00081B
_wallMap                           (abs)        000000
eeprom_read@addr                   param9       00092D
eeprom_write@addr                  param9       000940
eeprom_write@value                 param9       000942
int_func                           intcode      000008
intlevel0                          text         0060F8
intlevel1                          text         0060F8
intlevel2                          text         0060F8
intlevel3                          text         0060F8
main@buttonCount                   param9       000904
main@buttonCount_110               param9       000908
main@i                             param9       000906
main@i_111                         param9       000902
main@runFlag                       param9       000900
start                              init         000018
